EN demux NULL C:/Users/don/repos/sump/logic_analyzer/demux.vhd sub00/vhpl02 1374376008
EN rle_enc NULL C:/Users/don/repos/sump/logic_analyzer/rle_enc.vhd sub00/vhpl20 1374376026
EN sram_bram NULL C:/Users/don/repos/sump/logic_analyzer/sram_bram.vhd sub00/vhpl36 1374376042
AR clockman behavioral C:/Users/don/repos/sump/logic_analyzer/clockman.vhd sub00/vhpl29 1374376035
EN flags NULL C:/Users/don/repos/sump/logic_analyzer/flags.vhd sub00/vhpl10 1374376016
EN bram8k32bit NULL C:/Users/don/repos/sump/logic_analyzer/BRAM8k32bit.vhd sub00/vhpl06 1374376012
AR filter behavioral C:/Users/don/repos/sump/logic_analyzer/filter.vhd sub00/vhpl05 1374376011
AR stage behavioral C:/Users/don/repos/sump/logic_analyzer/stage.vhd sub00/vhpl01 1374376007
AR sync behavioral C:/Users/don/repos/sump/logic_analyzer/sync.vhd sub00/vhpl13 1374376019
AR core behavioral C:/Users/don/repos/sump/logic_analyzer/core.vhd sub00/vhpl35 1374376041
EN eia232 NULL C:/Users/don/repos/sump/logic_analyzer/eia232.vhd sub00/vhpl32 1374376038
EN stage NULL C:/Users/don/repos/sump/logic_analyzer/stage.vhd sub00/vhpl00 1374376006
EN la NULL C:/Users/don/repos/sump/logic_analyzer/la-S3ESK.vhd sub00/vhpl38 1374376044
EN trigger NULL C:/Users/don/repos/sump/logic_analyzer/trigger.vhd sub00/vhpl16 1374376022
EN transmitter NULL C:/Users/don/repos/sump/logic_analyzer/transmitter.vhd sub00/vhpl26 1374376032
EN clockman NULL C:/Users/don/repos/sump/logic_analyzer/clockman.vhd sub00/vhpl28 1374376034
AR trigger behavioral C:/Users/don/repos/sump/logic_analyzer/trigger.vhd sub00/vhpl17 1374376023
AR demux behavioral C:/Users/don/repos/sump/logic_analyzer/demux.vhd sub00/vhpl03 1374376009
EN debounce NULL C:/Users/don/repos/sump/logic_analyzer/debounce.vhd sub00/vhpl30 1374376036
AR decoder behavioral C:/Users/don/repos/sump/logic_analyzer/decoder.vhd sub00/vhpl09 1374376015
AR prescaler behavioral C:/Users/don/repos/sump/logic_analyzer/prescaler.vhd sub00/vhpl23 1374376029
AR flags behavioral C:/Users/don/repos/sump/logic_analyzer/flags.vhd sub00/vhpl11 1374376017
AR debounce logic C:/Users/don/repos/sump/logic_analyzer/debounce.vhd sub00/vhpl31 1374376037
EN sync NULL C:/Users/don/repos/sump/logic_analyzer/sync.vhd sub00/vhpl12 1374376018
AR sampler behavioral C:/Users/don/repos/sump/logic_analyzer/sampler.vhd sub00/vhpl15 1374376021
EN sampler NULL C:/Users/don/repos/sump/logic_analyzer/sampler.vhd sub00/vhpl14 1374376020
AR la behavioral C:/Users/don/repos/sump/logic_analyzer/la-S3ESK.vhd sub00/vhpl39 1374376045
EN receiver NULL C:/Users/don/repos/sump/logic_analyzer/receiver.vhd sub00/vhpl24 1374376030
EN filter NULL C:/Users/don/repos/sump/logic_analyzer/filter.vhd sub00/vhpl04 1374376010
EN prescaler NULL C:/Users/don/repos/sump/logic_analyzer/prescaler.vhd sub00/vhpl22 1374376028
AR receiver behavioral C:/Users/don/repos/sump/logic_analyzer/receiver.vhd sub00/vhpl25 1374376031
AR transmitter behavioral C:/Users/don/repos/sump/logic_analyzer/transmitter.vhd sub00/vhpl27 1374376033
AR eia232 behavioral C:/Users/don/repos/sump/logic_analyzer/eia232.vhd sub00/vhpl33 1374376039
AR sram_bram behavioral C:/Users/don/repos/sump/logic_analyzer/sram_bram.vhd sub00/vhpl37 1374376043
EN decoder NULL C:/Users/don/repos/sump/logic_analyzer/decoder.vhd sub00/vhpl08 1374376014
EN controller NULL C:/Users/don/repos/sump/logic_analyzer/controller.vhd sub00/vhpl18 1374376024
AR bram8k32bit behavioral C:/Users/don/repos/sump/logic_analyzer/BRAM8k32bit.vhd sub00/vhpl07 1374376013
AR rle_enc behavioral C:/Users/don/repos/sump/logic_analyzer/rle_enc.vhd sub00/vhpl21 1374376027
AR controller behavioral C:/Users/don/repos/sump/logic_analyzer/controller.vhd sub00/vhpl19 1374376025
EN core NULL C:/Users/don/repos/sump/logic_analyzer/core.vhd sub00/vhpl34 1374376040
